// Jest Snapshot v1, https://goo.gl/fbAQLP

exports[`DcqlMatchingVcList matches snapshot for a happy-case request with required and optional sets 1`] = `
<View
  accessibilityLabel="matching-vc-list"
  accessible={true}
  style={
    [
      {
        "alignItems": undefined,
        "flexDirection": "column",
        "justifyContent": undefined,
      },
      {
        "flex": 1,
      },
      null,
      null,
      {
        "backgroundColor": "#FFFFFF",
      },
      null,
      null,
      null,
      null,
      null,
      null,
      null,
      null,
    ]
  }
>
  <View>
    <View
      testID="matching-vc-list-dcql-section-0"
    />
    <View
      accessibilityState={
        {
          "busy": undefined,
          "checked": undefined,
          "disabled": undefined,
          "expanded": undefined,
          "selected": undefined,
        }
      }
      accessibilityValue={
        {
          "max": undefined,
          "min": undefined,
          "now": undefined,
          "text": undefined,
        }
      }
      accessible={true}
      collapsable={false}
      focusable={true}
      onClick={[Function]}
      onResponderGrant={[Function]}
      onResponderMove={[Function]}
      onResponderRelease={[Function]}
      onResponderTerminate={[Function]}
      onResponderTerminationRequest={[Function]}
      onStartShouldSetResponder={[Function]}
      style={
        {
          "opacity": 1,
        }
      }
      testID="pagination-next"
    />
  </View>
</View>
`;
