// Jest Snapshot v1, https://goo.gl/fbAQLP

exports[`VCCardView should render as top card with initial launch (copilot wrapper) 1`] = `null`;

exports[`VCCardView should render card view 1`] = `null`;

exports[`VCCardView should render pinned card 1`] = `null`;

exports[`VCCardView should render skeleton while loading 1`] = `null`;

exports[`VCCardView should render when VC is not loaded 1`] = `null`;

exports[`VCCardView should render with VP_SHARE flow 1`] = `null`;

exports[`VCCardView should render with onMeasured callback 1`] = `null`;

exports[`VCCardView should render with selected state 1`] = `null`;
